node:internal/process/promises:394
    triggerUncaughtException(err, true /* fromPromise */);
    ^

AssertionError [ERR_ASSERTION]: Expected values to be strictly deep-equal:
+ actual - expected
... Skipped lines

  [
    {
      matrix: [
        1,
        0,
...
            },
+           image: Uint8Array(324) [
-           image: Uint8Array(280) [
              137,
              80,
              78,
              71,
              13,
...
              0,
+             249,
-             4,
-             115,
-             66,
              73,
-             84,
-             8,
-             8,
-             8,
-             8,
-             124,
-             8,
-             100,
-             136,
-             0,
-             0,
-             0,
-             1,
-             115,
-             82,
-             71,
-             66,
-             0,
-             174,
-             206,
-             28,
-             233,
-             0,
-             0,
-             0,
-             194,
-             73,
              68,
              65,
              84,
              120,
+             1,
+             236,
+             149,
-             156,
-             237,
-             208,
              177,
+             14,
+             194,
-             141,
-             2,
-             1,
-             16,
-             197,
-             208,
-             15,
-             18,
-             17,
-             215,
-             127,
-             137,
-             84,
-             192,
-             69,
-             4,
-             123,
-             201,
-             22,
              64,
+             12,
+             67,
+             171,
+             254,
+             255,
+             239,
+             177,
+             176,
+             195,
+             206,
+             194,
-             0,
              122,
+             36,
+             3,
+             75,
+             134,
+             70,
+             81,
+             213,
+             161,
+             246,
+             67,
+             58,
+             149,
+             144,
+             83,
+             57,
+             219,
+             47,
+             237,
-             193,
-             217,
-             209,
-             72,
-             51,
-             35,
-             89,
              190,
+             222,
-             28,
-             143,
-             227,
-             216,
-             125,
-             219,
-             109,
-             219,
              107,
+             173,
+             79,
+             172,
+             111,
+             172,
+             188,
+             102,
+             253,
+             140,
-             219,
              239,
+             143,
+             88,
+             121,
+             205,
+             58,
+             127,
+             191,
+             170,
+             255,
+             138,
+             255,
-             182,
-             231,
              57,
+             186,
+             255,
+             180,
-             223,
-             182,
-             253,
-             108,
-             95,
-             221,
-             223,
-             207,
-             155,
-             79,
-             237,
              159,
+             251,
+             243,
+             220,
-             231,
-             205,
-             155,
              255,
+             243,
+             103,
+             125,
+             112,
+             255,
+             125,
+             51,
+             255,
+             96,
-             215,
-             253,
-             115,
-             10,
-             160,
-             5,
-             52,
-             5,
-             208,
-             2,
-             154,
-             2,
-             104,
-             1,
-             77,
-             1,
-             180,
              128,
+             57,
-             166,
              0,
+             27,
+             4,
-             90,
              64,
+             128,
+             185,
+             3,
+             140,
+             128,
+             57,
-             83,
              0,
+             60,
+             4,
+             25,
-             45,
-             160,
-             41,
-             128,
-             22,
-             208,
-             20,
-             64,
-             11,
-             104,
-             10,
-             160,
-             5,
-             52,
-             5,
-             208,
-             2,
-             154,
-             2,
-             104,
              1,
+             70,
+             192,
+             220,
-             77,
              1,
+             70,
+             192,
+             28,
-             180,
-             128,
-             166,
              0,
+             191,
+             183,
-             90,
              64,
+             13,
+             156,
+             17,
+             168,
+             142,
+             184,
+             213,
+             16,
+             224,
+             150,
+             120,
+             213,
+             11,
+             1,
+             213,
+             17,
+             183,
+             26,
+             2,
+             220,
+             18,
+             175,
+             122,
+             33,
-             83,
-             0,
-             45,
              160,
+             58,
+             226,
+             86,
+             67,
-             41,
              128,
+             91,
+             226,
+             85,
+             47,
+             4,
+             84,
+             71,
+             220,
+             106,
+             8,
+             80,
+             79,
+             188,
+             211,
+             7,
-             22,
-             208,
-             20,
-             64,
-             11,
-             104,
-             10,
-             160,
-             5,
-             52,
-             5,
-             208,
-             2,
-             154,
-             2,
-             104,
              1,
+             157,
+             67,
+             234,
+             125,
+             8,
+             80,
+             79,
+             184,
+             211,
+             7,
-             77,
              1,
+             157,
+             67,
+             234,
+             125,
+             8,
+             80,
+             79,
+             184,
+             211,
+             7,
+             1,
+             157,
+             67,
+             234,
+             125,
+             8,
+             80,
+             79,
+             184,
+             211,
+             7,
+             1,
+             157,
+             67,
+             234,
+             125,
+             8,
+             80,
+             75,
+             120,
+             170,
+             7,
+             2,
-             180,
-             128,
              166,
+             142,
+             169,
+             237,
+             135,
              0,
+             181,
+             68,
+             167,
+             122,
+             32,
+             96,
+             234,
+             152,
+             218,
+             126,
+             8,
+             80,
+             75,
+             116,
+             170,
+             7,
-             90,
-             64,
-             83,
-             0,
-             45,
-             160,
-             41,
-             128,
-             22,
-             208,
-             20,
-             64,
-             11,
-             104,
-             10,
-             160,
-             5,
-             52,
-             5,
-             208,
              2,
-             154,
-             2,
-             104,
-             1,
-             77,
-             1,
-             180,
-             128,
              166,
+             142,
+             169,
+             237,
+             135,
              0,
+             181,
+             68,
+             167,
+             122,
+             32,
+             96,
+             234,
+             152,
+             218,
+             126,
+             8,
+             184,
+             123,
+             162,
+             103,
+             207,
+             255,
+             3,
+             0,
+             0,
+             255,
+             255,
+             25,
+             3,
+             48,
-             90,
              64,
-             83,
              0,
+             0,
+             0,
+             6,
+             73,
+             68,
+             65,
+             84,
+             3,
+             0,
+             95,
+             44,
+             249,
-             45,
-             160,
-             41,
-             128,
-             22,
-             208,
-             252,
-             1,
-             14,
-             209,
              36,
+             237,
+             38,
+             117,
+             59,
-             87,
-             55,
-             180,
              0,
-             72,
              0,
              0,
              0,
-             0,
              73,
              69,
              78,
              68,
              174,

    at /Users/danny/Documents/morphloom/outputs/domain-pack-v4-20261002/audit-files.ts:4:122
    at ViteNodeRunner.runModule (file:///Users/danny/Documents/morphloom/node_modules/vite-node/dist/client.mjs:397:4)
    at ViteNodeRunner.directRequest (file:///Users/danny/Documents/morphloom/node_modules/vite-node/dist/client.mjs:375:3)
    at ViteNodeRunner.cachedRequest (file:///Users/danny/Documents/morphloom/node_modules/vite-node/dist/client.mjs:189:11)
    at ViteNodeRunner.executeFile (file:///Users/danny/Documents/morphloom/node_modules/vite-node/dist/client.mjs:162:10)
    at CAC.run (file:///Users/danny/Documents/morphloom/node_modules/vite-node/dist/cli.mjs:102:28) {
  generatedMessage: true,
  code: 'ERR_ASSERTION',
  actual: [
    {
      name: 'spur_gear',
      matrix: [
        1, 0, 0, 0, 0, 1,
        0, 0, 0, 0, 1, 0,
        0, 0, 0, 1
      ],
      primitives: [
        {
          indices: undefined,
          attributes: {
            POSITION: [Float32Array],
            TEXCOORD_0: [Float32Array],
            NORMAL: [Float32Array]
          },
          material: {
            color: [Array],
            roughness: 0.32,
            metalness: 0.9,
            image: [Uint8Array],
            textureInfo: 0,
            extras: [Object]
          }
        }
      ]
    }
  ],
  expected: [
    {
      name: 'spur_gear',
      matrix: [
        1, 0, 0, 0, 0, 1,
        0, 0, 0, 0, 1, 0,
        0, 0, 0, 1
      ],
      primitives: [
        {
          indices: undefined,
          attributes: {
            POSITION: [Float32Array],
            TEXCOORD_0: [Float32Array],
            NORMAL: [Float32Array]
          },
          material: {
            color: [Array],
            roughness: 0.32,
            metalness: 0.9,
            image: [Uint8Array],
            textureInfo: 0,
            extras: [Object]
          }
        }
      ]
    }
  ],
  operator: 'deepStrictEqual',
  diff: 'simple'
}

Node.js v24.13.1
