[
  {
    name: 'default',
    source: '519d17acc4ba7e05720f914e6b2131bb976d3187c3cd69de01943c0b9080cab0',
    output: '06065b637bf215f231fd815759c837c6b4adc32b2c9d0c9b0e85850f68e86ffb'
  },
  {
    name: 'small',
    source: 'eda062cacd3988dfa71baefb35adf13da648fa662324979b789ec2308d6c7636',
    output: 'c0378c395f35eacc98c71cf5297c92a441ae6cf79dd524b0849a30f341d469ec'
  },
  {
    name: 'large',
    source: 'ec7e6785209466e860881e62beb75582ecbfd14a68a89de3f2953cf23ff0f1fd',
    output: '43d9762adab14758cde61e51afcafef87d59b72d1375f49b27475883133d1a75'
  },
  {
    name: 'mixed-before',
    source: '28aa4568ab922c76608b429288f513e8e852f238db8b6a1ed4b1f832a30072b8',
    output: 'bbda06e928c87dc0a02bfe96a38157dbcdb61e66f1fd7380a6e059bc62756ce2'
  },
  {
    name: 'mixed-after',
    source: 'df20c8ba00ac75df35dbb72c5096025b940c6028bf237178d6ab2d5b7eb016f2',
    output: 'cd81ff794d9946c2d9e9978fb8231dcc4c71a844292a708098f03b2e5ab37327'
  }
]
