
> morphloom@0.4.0 build
> tsc -b && vite build

vite v7.3.6 building client environment for production...
transforming...
✓ 183 modules transformed.
rendering chunks...
computing gzip size...
dist/guide.html                                                 0.72 kB │ gzip:   0.40 kB
dist/index.html                                                 0.85 kB │ gzip:   0.42 kB
dist/holdout-review.html                                        0.94 kB │ gzip:   0.55 kB
dist/assets/thermal-dock-v1-pcba-bom-DIHqSXmZ.csv               4.50 kB
dist/assets/thermal-dock-v1-design-calculation-Byw9pPnC.xlsx   13.26 kB
dist/assets/thermal-dock-v1-rev-b-design-notes-BCxXtBvo.html   17.07 kB │ gzip:   8.42 kB
dist/assets/DepthEditor-vj6vYx2Q.css                            0.85 kB │ gzip:   0.42 kB
dist/assets/EvidenceEditor-DMbD-ETS.css                        22.32 kB │ gzip:   5.12 kB
dist/assets/guide-BZNOeU71.css                                 31.31 kB │ gzip:   6.91 kB
dist/assets/main-DkP-4bUW.css                                  32.03 kB │ gzip:   7.01 kB
dist/assets/__vite-browser-external-BIHI7g3E.js                 0.03 kB │ gzip:   0.05 kB
dist/assets/modulepreload-polyfill-B5Qt9EMX.js                  0.71 kB │ gzip:   0.40 kB
dist/assets/holdoutReview-CnTm7pn5.js                           1.96 kB │ gzip:   1.16 kB
dist/assets/DepthEditor-D_MATjG_.js                            29.63 kB │ gzip:  10.82 kB
dist/assets/EvidenceEditor-wZekuNfT.js                         58.80 kB │ gzip:  21.53 kB
dist/assets/index.modern-Q1UVofRa.js                           70.16 kB │ gzip:  16.31 kB
dist/assets/index.modern-CnkhsCbV.js                           76.25 kB │ gzip:  21.76 kB
dist/assets/guide-DuKBYJlu.js                                 184.02 kB │ gzip:  56.21 kB
dist/assets/react-C54xO61s.js                                 192.48 kB │ gzip:  60.34 kB
dist/assets/module-BhjKzkE4.js                                289.42 kB │ gzip:  92.04 kB
dist/assets/main-hghOeZOS.js                                  629.22 kB │ gzip: 219.65 kB
dist/assets/three-BEuV08AC.js                                 725.33 kB │ gzip: 191.15 kB
✓ built in 1.70s
