04:20:47 | INFO: Data are loaded, start creating Blender stuff
04:20:47 | INFO: Blender create Mesh node 0
04:20:47 | INFO: Blender create Mesh node 1
04:20:47 | INFO: glTF import finished in 0.01s
INFO Draco is available, use library at /Applications/Blender.app/Contents/Resources/5.2/scripts/addons_core/io_scene_gltf2/libbf_intern_draco_bridge.dylib
INFO MeshOptimizer is available, use library at /Applications/Blender.app/Contents/Resources/5.2/scripts/addons_core/io_scene_gltf2/libbf_intern_meshopt_bridge.dylib
04:20:47 | INFO: Starting glTF 2.0 export
04:20:47 | INFO: Extracting primitive: Mesh_0
04:20:47 | INFO: Primitives created: 1
04:20:47 | INFO: Extracting primitive: Mesh_1
04:20:47 | INFO: Primitives created: 1
04:20:47 | INFO: Finished glTF 2.0 export in 0.007957935333251953 s

04:20:47 | INFO: Data are loaded, start creating Blender stuff
04:20:47 | INFO: Blender create Mesh node Mesh_0
04:20:47 | INFO: Blender create Mesh node Mesh_1
04:20:47 | INFO: glTF import finished in 0.01s
{
  "schema": "morphloom.blender-roundtrip/0.2",
  "pass": true,
  "exportTangentsRequiredBySource": false,
  "blenderVersion": "5.2.1 LTS",
  "source": "large-after.glb",
  "sourceBytes": 165852,
  "sourceSha256": "bf256a46358a58a427d79e42b94b0bbd85e2631054b3d73e5defd8dd380538c7",
  "roundTrip": "large-blender.glb",
  "roundTripBytes": 168112,
  "roundTripSha256": "3f3b81ab9e73a0925dc532d02064eb6c42e75830f9ebc6b379ca362a6bac4f2f",
  "boundsErrorMm": 0.0,
  "boundsToleranceMm": 0.1,
  "geometryParity": true,
  "imageParity": true,
  "skinningParity": true,
  "lostImageDimensions": [],
  "addedImageDimensions": [],
  "imported": {
    "objects": 3,
    "excludedImporterHelpers": 0,
    "meshes": 2,
    "vertices": 4491,
    "polygons": 3616,
    "materials": 2,
    "images": 0,
    "imageNames": [],
    "imageDimensions": [],
    "shapeKeys": 0,
    "skinnedVertices": 0,
    "weightedVertices": 0,
    "weightedCoverage": 1.0,
    "armatures": 0,
    "bones": 0,
    "boneNames": [],
    "actions": 0,
    "actionNames": [],
    "geometryMoments": {
      "cornerCount": 10848,
      "cornerSum": [
        388.8000057935715,
        -3.4558944247975444e-19,
        0.0
      ],
      "cornerSumSquares": [
        20.270966944435706,
        0.8309663672742111,
        0.5022912629332611
      ],
      "surfaceAreaSquareMeters": 0.01015102633522695
    },
    "boundsMeters": {
      "min": [
        -0.02800000086426735,
        -0.02800000086426735,
        -0.012000000104308128
      ],
      "max": [
        0.05400000140070915,
        0.02800000086426735,
        0.012000000104308128
      ]
    }
  },
  "reopened": {
    "objects": 3,
    "excludedImporterHelpers": 0,
    "meshes": 2,
    "vertices": 4491,
    "polygons": 3616,
    "materials": 2,
    "images": 0,
    "imageNames": [],
    "imageDimensions": [],
    "shapeKeys": 0,
    "skinnedVertices": 0,
    "weightedVertices": 0,
    "weightedCoverage": 1.0,
    "armatures": 0,
    "bones": 0,
    "boneNames": [],
    "actions": 0,
    "actionNames": [],
    "geometryMoments": {
      "cornerCount": 10848,
      "cornerSum": [
        388.8000057935715,
        -3.4558944247975444e-19,
        0.0
      ],
      "cornerSumSquares": [
        20.270966944435706,
        0.8309663672742111,
        0.5022912629332611
      ],
      "surfaceAreaSquareMeters": 0.01015102633522695
    },
    "boundsMeters": {
      "min": [
        -0.02800000086426735,
        -0.02800000086426735,
        -0.012000000104308128
      ],
      "max": [
        0.05400000140070915,
        0.02800000086426735,
        0.012000000104308128
      ]
    }
  }
}
Blender 5.2.1 LTS (hash 9e2066aef7ef built 2026-08-25 01:35:57)

Blender quit
