[
  {
    "id": "small",
    "samples": [
      [
        3.978958999999918,
        3.8408749999999827,
        2.812458000000106,
        2.8315410000000156,
        3.2250420000000304
      ],
      [
        5.914165999999909,
        4.668208999999933,
        3.6368329999999105,
        3.7853329999999232,
        3.560165999999981
      ]
    ],
    "beforeMedianMs": 3.2250420000000304,
    "afterMedianMs": 3.7853329999999232,
    "ratio": 1.173731380862602,
    "pass": true
  },
  {
    "id": "default",
    "samples": [
      [
        3.893707999999947,
        3.9715830000000096,
        5.052416999999991,
        3.051832999999988,
        3.5396670000000086
      ],
      [
        3.7204169999999976,
        3.875,
        3.6990420000000768,
        4.549707999999896,
        4.2638749999999845
      ]
    ],
    "beforeMedianMs": 3.893707999999947,
    "afterMedianMs": 3.875,
    "ratio": 0.9951953253813725,
    "pass": true
  },
  {
    "id": "large",
    "samples": [
      [
        4.983875000000012,
        5.296500000000037,
        3.760833000000048,
        5.1416659999999865,
        6.3673749999999245
      ],
      [
        8.327209000000039,
        6.905624999999986,
        8.194707999999991,
        5.846374999999966,
        7.3912499999999
      ]
    ],
    "beforeMedianMs": 5.1416659999999865,
    "afterMedianMs": 7.3912499999999,
    "ratio": 1.4375204457076596,
    "pass": true
  },
  {
    "id": "solid",
    "samples": [
      [
        3.467416000000071,
        4.533667000000037,
        3.9885000000000446,
        2.764083000000028,
        2.6410829999999805
      ],
      [
        5.381708000000003,
        4.4647919999999885,
        4.70570900000007,
        4.416374999999903,
        3.7822920000000977
      ]
    ],
    "beforeMedianMs": 3.467416000000071,
    "afterMedianMs": 4.4647919999999885,
    "ratio": 1.2876424403647837,
    "pass": true
  }
]
