{
  "schema": "morphloom.native-normal-payload-comparison/0.1",
  "pass": true,
  "meshId": "bushing",
  "before": {
    "sha256": "859aa7ff2257f444d3c33c3a8c9745ea50924ef82f41830a836754f9158331f1",
    "kind": "actual GLB NORMAL accessor"
  },
  "after": {
    "sha256": "4c7ea3fac3d368daca5935dba21cf2195d2b0b8486bdfc1c14ca993a01df0d78",
    "kind": "actual Blender import samples"
  },
  "translationMm": [
    0,
    0,
    0
  ],
  "corners": 768,
  "worldCoordinates": 130,
  "bidirectionalSamples": 1414,
  "coordinateToleranceMeters": 0.000001,
  "maxCoordinateDriftMeters": 0,
  "maxNormalDifferenceDeg": 0.0012903257117770485,
  "worstCoordinateMicrometers": "-9899,6000,9899",
  "fixedToleranceDeg": 0.01,
  "scope": "Raw NORMAL payload or actual first-import normals; worst per selected mesh, no quality averaging or geometry regeneration"
}
