Godot Engine v4.7.2.stable.official.ed1daf0bf - https://godotengine.org

[   0% ] first_scan_filesystem | Started 프로젝트 초기화 (5 steps)
[   0% ] first_scan_filesystem | 파일 구조 스캔 중...
[  16% ] first_scan_filesystem | 전역 클래스 이름을 불러오는 중...
[  33% ] first_scan_filesystem | GDExtensions 검증 중...
[  50% ] first_scan_filesystem | 오토로드 스크립트를 만드는 중...
[  66% ] first_scan_filesystem | 플러그인을 초기화 중...
[  83% ] first_scan_filesystem | 파일 스캔 시작 중...
[ DONE ] first_scan_filesystem

[   0% ] _update_scan_actions | Started 액션 스캔 중... (3 steps)
[   0% ] _update_scan_actions | asphalt-print-surface.glb
[  25% ] _update_scan_actions | cooling-electronics-assembly.glb
[  50% ] _update_scan_actions | field-human-runtime.glb
[ DONE ] _update_scan_actions

[   0% ] reimport | Started 애셋 (다시) 가져오는 중 (26 steps)
[   0% ] reimport | 다시 가져올 파일을 준비 중...
[   3% ] reimport | 다시 가져올 파일을 준비 중...
[   7% ] reimport | 다시 가져올 파일을 준비 중...
[  11% ] reimport | 다시 가져올 파일을 준비 중...
[  14% ] reimport | 다시 가져올 파일을 준비 중...
[  18% ] reimport | 다시 가져올 파일을 준비 중...
[  22% ] reimport | 다시 가져올 파일을 준비 중...
[  25% ] reimport | 다시 가져올 파일을 준비 중...
[  29% ] reimport | 다시 가져올 파일을 준비 중...
[  33% ] reimport | 다시 가져올 파일을 준비 중...
[  37% ] reimport | 다시 가져올 파일을 준비 중...
[  40% ] reimport | 다시 가져올 파일을 준비 중...
[  44% ] reimport | 다시 가져올 파일을 준비 중...
[  48% ] reimport | 다시 가져올 파일을 준비 중...
[  51% ] reimport | 다시 가져올 파일을 준비 중...
[  55% ] reimport | 다시 가져올 파일을 준비 중...
[  59% ] reimport | 다시 가져올 파일을 준비 중...
[  62% ] reimport | 다시 가져올 파일을 준비 중...
[  66% ] reimport | 다시 가져올 파일을 준비 중...
[  70% ] reimport | 다시 가져올 파일을 준비 중...
[  74% ] reimport | 다시 가져올 파일을 준비 중...
[  77% ] reimport | 다시 가져올 파일을 준비 중...
[  81% ] reimport | 다시 가져올 파일을 준비 중...
[  85% ] reimport | 다시 가져올 파일을 준비 중...
[  88% ] reimport | 다시 가져올 파일을 준비 중...
[  92% ] reimport | 다시 가져올 파일을 준비 중...
[   0% ] reimport | 다시 가져오기 전 작업을 수행 중...
[   0% ] preload_reimporting_scene | Started 다시 불러오기를 위해 씬 준비 중 (1 steps)
[   0% ] preload_reimporting_scene | 씬 [비었음] 분석 중
[  50% ] preload_reimporting_scene | 준비가 완료되었습니다.
[ DONE ] preload_reimporting_scene

[   0% ] reimport | field-human-runtime_3.png
[   3% ] reimport | field-human-runtime_2.png
[   7% ] reimport | field-human-runtime_1.png
[  11% ] reimport | field-human-runtime_0.png
[  14% ] reimport | cooling-electronics-assembly_16.png
[  18% ] reimport | cooling-electronics-assembly_15.png
[  22% ] reimport | cooling-electronics-assembly_14.png
[  25% ] reimport | cooling-electronics-assembly_13.png
[  29% ] reimport | cooling-electronics-assembly_11.png
[  33% ] reimport | cooling-electronics-assembly_10.png
[  37% ] reimport | cooling-electronics-assembly_9.png
[  40% ] reimport | cooling-electronics-assembly_8.png
[  44% ] reimport | cooling-electronics-assembly_7.png
[  48% ] reimport | cooling-electronics-assembly_6.png
[  51% ] reimport | cooling-electronics-assembly_5.png
[  55% ] reimport | cooling-electronics-assembly_4.png
[  59% ] reimport | cooling-electronics-assembly_3.png
[  62% ] reimport | cooling-electronics-assembly_2.png
[  66% ] reimport | cooling-electronics-assembly_1.png
[  70% ] reimport | cooling-electronics-assembly_0.png
[  74% ] reimport | asphalt-print-surface_2.png
[  77% ] reimport | asphalt-print-surface_0.png
[  81% ] reimport | asphalt-print-surface_1.png
[  85% ] reimport | cooling-electronics-assembly.glb
[   0% ] import | Started 씬 가져오기 (104 steps)
[   0% ] import | 씬 가져오는 중...
[   1% ] import | 커스텀 스크립트 실행 중...
[  99% ] import | 저장 중...
[ DONE ] import

[  88% ] reimport | field-human-runtime.glb
[   0% ] import | Started 씬 가져오기 (104 steps)
[   0% ] import | 씬 가져오는 중...
[   1% ] import | 커스텀 스크립트 실행 중...
[  99% ] import | 저장 중...
[ DONE ] import

[  92% ] reimport | asphalt-print-surface.glb
[   0% ] import | Started 씬 가져오기 (104 steps)
[   0% ] import | 씬 가져오는 중...
[   1% ] import | 커스텀 스크립트 실행 중...
[  99% ] import | 저장 중...
[ DONE ] import

[  96% ] reimport | 애셋 가져오기 마무리 중...
[ DONE ] reimport

[   0% ] reimport | Started 애셋 (다시) 가져오는 중 (26 steps)
[   0% ] reimport | 다시 가져오기 후 작업을 수행 중...
[ DONE ] reimport

[   0% ] loading_editor_layout | Started 편집기를 불러오는 중 (5 steps)
[   0% ] loading_editor_layout | 편집기 레이아웃을 불러오는 중...
[  16% ] loading_editor_layout | 독을 불러오는 중...
[ DONE ] loading_editor_layout

