23:16:11 | INFO: Data are loaded, start creating Blender stuff
23:16:11 | INFO: Blender create Mesh node 0
23:16:11 | INFO: glTF import finished in 0.03s
INFO Draco is available, use library at /Applications/Blender.app/Contents/Resources/5.2/scripts/addons_core/io_scene_gltf2/libbf_intern_draco_bridge.dylib
INFO MeshOptimizer is available, use library at /Applications/Blender.app/Contents/Resources/5.2/scripts/addons_core/io_scene_gltf2/libbf_intern_meshopt_bridge.dylib
23:16:11 | INFO: Starting glTF 2.0 export
23:16:11 | INFO: Extracting primitive: Mesh_0
23:16:11 | WARNING: More than one shader node tex image used for a texture. The resulting glTF sampler will behave like the first shader node tex image.
23:16:11 | INFO: Primitives created: 1
23:16:11 | INFO: Finished glTF 2.0 export in 0.011582136154174805 s

23:16:11 | INFO: Data are loaded, start creating Blender stuff
23:16:11 | INFO: Blender create Mesh node Mesh_0
23:16:11 | INFO: glTF import finished in 0.03s
{
  "schema": "morphloom.blender-roundtrip/0.2",
  "pass": true,
  "exportTangentsRequiredBySource": false,
  "blenderVersion": "5.2.1 LTS",
  "source": "default.glb",
  "sourceBytes": 810196,
  "sourceSha256": "06065b637bf215f231fd815759c837c6b4adc32b2c9d0c9b0e85850f68e86ffb",
  "roundTrip": "default.glb",
  "roundTripBytes": 857184,
  "roundTripSha256": "ee5148da3082fa9548b0628fd2ef9b89123978e03be5de82f177e1aed8c99881",
  "boundsErrorMm": 0.0,
  "boundsToleranceMm": 0.1,
  "geometryParity": true,
  "imageParity": true,
  "skinningParity": true,
  "lostImageDimensions": [],
  "addedImageDimensions": [],
  "imported": {
    "objects": 2,
    "excludedImporterHelpers": 0,
    "meshes": 1,
    "vertices": 25152,
    "polygons": 8384,
    "materials": 1,
    "images": 1,
    "imageNames": [
      "Image_0"
    ],
    "imageDimensions": [
      [
        64,
        64
      ]
    ],
    "shapeKeys": 0,
    "skinnedVertices": 0,
    "weightedVertices": 0,
    "weightedCoverage": 1.0,
    "armatures": 0,
    "bones": 0,
    "boneNames": [],
    "actions": 0,
    "actionNames": [],
    "geometryMoments": {
      "cornerCount": 25152,
      "cornerSum": [
        0.05418804846704006,
        0.0,
        0.2438328784191981
      ],
      "cornerSumSquares": [
        1.7382245389635875,
        0.40243203822889095,
        1.7392828771722486
      ],
      "surfaceAreaSquareMeters": 0.0022425442502833725
    },
    "boundsMeters": {
      "min": [
        -0.013000000268220901,
        -0.004000000189989805,
        -0.013000000268220901
      ],
      "max": [
        0.013000000268220901,
        0.004000000189989805,
        0.013000000268220901
      ]
    }
  },
  "reopened": {
    "objects": 2,
    "excludedImporterHelpers": 0,
    "meshes": 1,
    "vertices": 25152,
    "polygons": 8384,
    "materials": 1,
    "images": 1,
    "imageNames": [
      "Image_0"
    ],
    "imageDimensions": [
      [
        64,
        64
      ]
    ],
    "shapeKeys": 0,
    "skinnedVertices": 0,
    "weightedVertices": 0,
    "weightedCoverage": 1.0,
    "armatures": 0,
    "bones": 0,
    "boneNames": [],
    "actions": 0,
    "actionNames": [],
    "geometryMoments": {
      "cornerCount": 25152,
      "cornerSum": [
        0.05418804846704006,
        0.0,
        0.2438328784191981
      ],
      "cornerSumSquares": [
        1.7382245389635875,
        0.40243203822889095,
        1.7392828771722486
      ],
      "surfaceAreaSquareMeters": 0.0022425442502833725
    },
    "boundsMeters": {
      "min": [
        -0.013000000268220901,
        -0.004000000189989805,
        -0.013000000268220901
      ],
      "max": [
        0.013000000268220901,
        0.004000000189989805,
        0.013000000268220901
      ]
    }
  }
}
Blender 5.2.1 LTS (hash 9e2066aef7ef built 2026-08-25 01:35:57)

Blender quit
