23:34:16 | INFO: Data are loaded, start creating Blender stuff
23:34:16 | INFO: Blender create Mesh node 0
23:34:16 | INFO: glTF import finished in 0.00s
scripts/blender-neutral-render.py:154: DeprecationWarning: 'World.use_nodes' is expected to be removed in Blender 6.0
  clay.use_nodes = True
scripts/blender-neutral-render.py:171: DeprecationWarning: 'Material.use_nodes' is expected to be removed in Blender 6.0
  for polygon in obj.data.polygons:
00:01.252  render           | Saved: '/Users/danny/Documents/morphloom/outputs/domain-pack-v4-20261002/renders/before-close-locked.png'
{
  "schema": "morphloom.neutral-glb-render/0.3",
  "protocol": "morphloom-neutral-glb-v2",
  "viewId": "iso",
  "blenderVersion": "5.2.1 LTS",
  "source": "before-close.glb",
  "sourceBytes": 1399244,
  "sourceSha256": "4f09687aeb63b64385000c35476b6bf48c410d8869ad6efd61a95080d8fb77b9",
  "render": "before-close-locked.png",
  "renderBytes": 255214,
  "renderSha256": "87bdd9542a9a7d7b500a261e00ef0adce0a05548078311ba6925f5323760a26c",
  "meshes": 1,
  "materials": 2,
  "normalization": {
    "method": "reference-locked-broadside",
    "targetExtent": 2.0,
    "referenceSha256": "fe1e341ba02223610bd8932317b3a5c5d486649ae1adea56eea66548f929f036",
    "scale": 132.09041191609134,
    "referenceCenter": [
      -0.12471679598093033,
      0.03826570883393288,
      0.058161456137895584
    ],
    "sourceBounds": {
      "min": [
        -0.13228736817836761,
        0.03513244912028313,
        0.05693447217345238
      ],
      "max": [
        -0.11714622378349304,
        0.041398968547582626,
        0.05938844010233879
      ],
      "size": [
        0.015141144394874573,
        0.0062665194272994995,
        0.0024539679288864136
      ]
    },
    "normalizedBounds": {
      "min": [
        -1.0000005960464478,
        -0.413873553276062,
        -0.1620730757713318
      ],
      "max": [
        1.0,
        0.4138736128807068,
        0.1620730608701706
      ],
      "size": [
        2.000000476837158,
        0.8277471661567688,
        0.3241461515426636
      ]
    }
  },
  "camera": {
    "projection": "orthographic",
    "position": [
      2.8,
      -3.4,
      1.8
    ],
    "target": [
      0,
      0,
      0
    ],
    "up": [
      0,
      0,
      1
    ],
    "orthographicHeight": 2.55
  },
  "framing": {
    "alphaBoundsPixels": {
      "min": [
        300,
        413
      ],
      "max": [
        723,
        611
      ]
    },
    "minimumMarginPixels": 300,
    "touchesBorder": false
  },
  "renderSettings": {
    "engine": "BLENDER_EEVEE",
    "width": 1024,
    "height": 1024,
    "transparent": true,
    "viewTransform": "AgX",
    "look": "AgX - Medium High Contrast"
  },
  "studio": {
    "world": {
      "color": [
        0.12,
        0.12,
        0.12,
        1
      ],
      "strength": 0.28
    },
    "lights": [
      {
        "name": "Neutral key",
        "location": [
          -2.5,
          -3.0,
          3.5
        ],
        "energy": 900,
        "size": 4.0
      },
      {
        "name": "Neutral fill",
        "location": [
          3.0,
          -2.0,
          1.2
        ],
        "energy": 500,
        "size": 3.0
      },
      {
        "name": "Neutral rim",
        "location": [
          0.5,
          2.5,
          2.5
        ],
        "energy": 700,
        "size": 2.5
      }
    ]
  },
  "inspectionMode": "wire",
  "actualLights": [
    {
      "name": "Neutral key",
      "position": [
        -2.5,
        -3.0,
        3.5
      ],
      "energy": 900.0,
      "size": 4.0
    },
    {
      "name": "Neutral fill",
      "position": [
        3.0,
        -2.0,
        1.2000000476837158
      ],
      "energy": 500.0,
      "size": 3.0
    },
    {
      "name": "Neutral rim",
      "position": [
        0.5,
        2.5,
        2.5
      ],
      "energy": 700.0,
      "size": 2.5
    }
  ]
}
Blender 5.2.1 LTS (hash 9e2066aef7ef built 2026-08-25 01:35:57)

Blender quit
