14:01:49 | INFO: Data are loaded, start creating Blender stuff
14:01:49 | INFO: Blender create Mesh node 0
14:01:49 | INFO: Blender create Mesh node 1
14:01:49 | INFO: Blender create Mesh node 2
14:01:49 | INFO: Blender create Mesh node 3
14:01:49 | INFO: Blender create Mesh node 4
14:01:49 | INFO: Blender create Mesh node 5
14:01:49 | INFO: Blender create Mesh node 6
14:01:49 | INFO: Blender create Mesh node 7
14:01:49 | INFO: Blender create Mesh node 8
14:01:49 | INFO: Blender create Mesh node 9
14:01:49 | INFO: Blender create Mesh node 10
14:01:49 | INFO: Blender create Mesh node 11
14:01:49 | INFO: Blender create Mesh node 12
14:01:49 | INFO: Blender create Mesh node 13
14:01:49 | INFO: Blender create Mesh node 14
14:01:49 | INFO: Blender create Mesh node 15
14:01:49 | INFO: glTF import finished in 0.03s
/var/folders/z4/_txy7z5d7hb83mc592z_cq540000gn/T/morphloom-publish-w4nfo7ko/repo/scripts/blender-neutral-render.py:174: DeprecationWarning: 'World.use_nodes' is expected to be removed in Blender 6.0
  world.use_nodes = True
/var/folders/z4/_txy7z5d7hb83mc592z_cq540000gn/T/morphloom-publish-w4nfo7ko/repo/scripts/blender-neutral-render.py:191: DeprecationWarning: 'Material.use_nodes' is expected to be removed in Blender 6.0
  clay.use_nodes = True
00:00.766  render           | Saved: '/Users/danny/Documents/morphloom/outputs/knife-winding-20261003/corrected-clay.png'
{
  "schema": "morphloom.neutral-glb-render/0.3",
  "protocol": "morphloom-neutral-glb-v2",
  "viewId": "front-iso",
  "blenderVersion": "5.2.1 LTS",
  "source": "corrected.glb",
  "sourceBytes": 1154448,
  "sourceSha256": "6cddda5f82a239b35fd6609a55656ff5141e8efc049529b0f38c7dced07733c8",
  "render": "corrected-clay.png",
  "renderBytes": 319675,
  "renderSha256": "cf4b1d3edb96109c6b608e5acaacf0b0a09241ea70d28643b3f515b6cff46e44",
  "meshes": 16,
  "materials": 17,
  "normalization": {
    "method": "broadside-xz-max-extent",
    "targetExtent": 2.0,
    "sourceBounds": {
      "min": [
        -0.06039266288280487,
        -0.018149999901652336,
        -0.1289999932050705
      ],
      "max": [
        0.06039266288280487,
        0.017999999225139618,
        0.3440000116825104
      ],
      "size": [
        0.12078532576560974,
        0.0361500009894371,
        0.4729999899864197
      ]
    },
    "scale": 4.228329899240425,
    "normalizedBounds": {
      "min": [
        -0.25536012649536133,
        -0.07642706483602524,
        -1.0000001192092896
      ],
      "max": [
        0.25536012649536133,
        0.07642706483602524,
        1.0
      ],
      "size": [
        0.5107202529907227,
        0.15285412967205048,
        2.0
      ]
    }
  },
  "camera": {
    "projection": "orthographic",
    "position": [
      2.8,
      3.4,
      1.8
    ],
    "target": [
      0,
      0,
      0
    ],
    "up": [
      0,
      0,
      1
    ],
    "orthographicHeight": 3.2
  },
  "framing": {
    "alphaBoundsPixels": {
      "min": [
        447,
        213
      ],
      "max": [
        576,
        809
      ]
    },
    "minimumMarginPixels": 213,
    "touchesBorder": false
  },
  "inspectionScope": {
    "kind": "whole-asset",
    "componentId": null
  },
  "renderSettings": {
    "engine": "BLENDER_EEVEE",
    "width": 1024,
    "height": 1024,
    "transparent": true,
    "viewTransform": "AgX",
    "look": "AgX - Medium High Contrast"
  },
  "studio": {
    "world": {
      "color": [
        0.12,
        0.12,
        0.12,
        1
      ],
      "strength": 0.28
    },
    "lights": [
      {
        "name": "Neutral key",
        "location": [
          -2.5,
          -3.0,
          3.5
        ],
        "energy": 900,
        "size": 4.0
      },
      {
        "name": "Neutral fill",
        "location": [
          3.0,
          -2.0,
          1.2
        ],
        "energy": 500,
        "size": 3.0
      },
      {
        "name": "Neutral rim",
        "location": [
          0.5,
          2.5,
          2.5
        ],
        "energy": 700,
        "size": 2.5
      }
    ]
  },
  "inspectionMode": "clay",
  "actualLights": [
    {
      "name": "Neutral key",
      "position": [
        -2.5,
        -3.0,
        3.5
      ],
      "energy": 900.0,
      "size": 4.0
    },
    {
      "name": "Neutral fill",
      "position": [
        3.0,
        -2.0,
        1.2000000476837158
      ],
      "energy": 500.0,
      "size": 3.0
    },
    {
      "name": "Neutral rim",
      "position": [
        0.5,
        2.5,
        2.5
      ],
      "energy": 700.0,
      "size": 2.5
    }
  ]
}
Blender 5.2.1 LTS (hash 9e2066aef7ef built 2026-08-25 01:35:57)

Blender quit
