03:11:58 | INFO: Data are loaded, start creating Blender stuff
03:11:58 | INFO: Blender create Mesh node 0
03:11:58 | INFO: glTF import finished in 0.06s
INFO Draco is available, use library at /Applications/Blender.app/Contents/Resources/5.2/scripts/addons_core/io_scene_gltf2/libbf_intern_draco_bridge.dylib
INFO MeshOptimizer is available, use library at /Applications/Blender.app/Contents/Resources/5.2/scripts/addons_core/io_scene_gltf2/libbf_intern_meshopt_bridge.dylib
03:11:59 | INFO: Starting glTF 2.0 export
03:11:59 | INFO: Extracting primitive: Mesh_0
03:11:59 | INFO: Primitives created: 1
03:11:59 | INFO: Finished glTF 2.0 export in 0.04555177688598633 s

03:11:59 | INFO: Data are loaded, start creating Blender stuff
03:11:59 | INFO: Blender create Mesh node Mesh_0
03:11:59 | INFO: glTF import finished in 0.06s
{
  "schema": "morphloom.blender-roundtrip/0.2",
  "pass": true,
  "exportTangentsRequiredBySource": false,
  "blenderVersion": "5.2.1 LTS",
  "source": "large-checker-depth.continuous.glb",
  "sourceBytes": 1532912,
  "sourceSha256": "e72584fd9487fd3d9ef443c04079296bacc6eea98df9a3ace85d38fd6760d210",
  "roundTrip": "large-checker-depth.continuous.roundtrip.glb",
  "roundTripBytes": 1532076,
  "roundTripSha256": "71db2c857957fcad8bfb73194ee34d74805bffbc47cff21dcae814317d72b24f",
  "boundsErrorMm": 0.0,
  "boundsToleranceMm": 0.1,
  "geometryParity": true,
  "imageParity": true,
  "skinningParity": true,
  "lostImageDimensions": [],
  "addedImageDimensions": [],
  "imported": {
    "objects": 2,
    "excludedImporterHelpers": 0,
    "meshes": 1,
    "vertices": 34817,
    "polygons": 69436,
    "materials": 1,
    "images": 0,
    "imageNames": [],
    "imageDimensions": [],
    "shapeKeys": 0,
    "skinnedVertices": 0,
    "weightedVertices": 0,
    "weightedCoverage": 1.0,
    "armatures": 0,
    "bones": 0,
    "boneNames": [],
    "actions": 0,
    "actionNames": [],
    "geometryMoments": {
      "cornerCount": 208308,
      "cornerSum": [
        0.0008159466087818146,
        -9588.060517312948,
        0.0007834993302822113
      ],
      "cornerSumSquares": [
        255.82679787372183,
        509.05522277259405,
        255.8272586959254
      ],
      "surfaceAreaSquareMeters": 0.030784989608579217
    },
    "boundsMeters": {
      "min": [
        -0.07000000029802322,
        -0.07000000774860382,
        -0.07000000029802322
      ],
      "max": [
        0.07000000029802322,
        -4.231783368169317e-09,
        0.07000000029802322
      ]
    }
  },
  "reopened": {
    "objects": 2,
    "excludedImporterHelpers": 0,
    "meshes": 1,
    "vertices": 34817,
    "polygons": 69436,
    "materials": 1,
    "images": 0,
    "imageNames": [],
    "imageDimensions": [],
    "shapeKeys": 0,
    "skinnedVertices": 0,
    "weightedVertices": 0,
    "weightedCoverage": 1.0,
    "armatures": 0,
    "bones": 0,
    "boneNames": [],
    "actions": 0,
    "actionNames": [],
    "geometryMoments": {
      "cornerCount": 208308,
      "cornerSum": [
        0.0008159466087818146,
        -9588.060517312948,
        0.0007834993302822113
      ],
      "cornerSumSquares": [
        255.82679787372183,
        509.05522277259405,
        255.8272586959254
      ],
      "surfaceAreaSquareMeters": 0.030784989608579217
    },
    "boundsMeters": {
      "min": [
        -0.07000000029802322,
        -0.07000000774860382,
        -0.07000000029802322
      ],
      "max": [
        0.07000000029802322,
        -4.231783368169317e-09,
        0.07000000029802322
      ]
    }
  }
}
Blender 5.2.1 LTS (hash 9e2066aef7ef built 2026-08-25 01:35:57)

Blender quit
