03:12:04 | INFO: Data are loaded, start creating Blender stuff
03:12:04 | INFO: Blender create Mesh node 0
03:12:04 | INFO: glTF import finished in 0.03s
INFO Draco is available, use library at /Applications/Blender.app/Contents/Resources/5.2/scripts/addons_core/io_scene_gltf2/libbf_intern_draco_bridge.dylib
INFO MeshOptimizer is available, use library at /Applications/Blender.app/Contents/Resources/5.2/scripts/addons_core/io_scene_gltf2/libbf_intern_meshopt_bridge.dylib
03:12:04 | INFO: Starting glTF 2.0 export
03:12:04 | INFO: Extracting primitive: Mesh_0
03:12:04 | INFO: Primitives created: 1
03:12:04 | INFO: Finished glTF 2.0 export in 0.021912813186645508 s

03:12:04 | INFO: Data are loaded, start creating Blender stuff
03:12:04 | INFO: Blender create Mesh node Mesh_0
03:12:04 | INFO: glTF import finished in 0.03s
{
  "schema": "morphloom.blender-roundtrip/0.2",
  "pass": true,
  "exportTangentsRequiredBySource": false,
  "blenderVersion": "5.2.1 LTS",
  "source": "small-matte-depth.continuous.glb",
  "sourceBytes": 900364,
  "sourceSha256": "b46c0957ca4984e89bfdf42bfa740abcd5ea6177738440348a78414f1cbc7535",
  "roundTrip": "small-matte-depth.continuous.roundtrip.glb",
  "roundTripBytes": 899476,
  "roundTripSha256": "68f14d6d4d99d9fa5391c9e8cd20e21229d66aea71da7496d4dfc0279eda6314",
  "boundsErrorMm": 0.0,
  "boundsToleranceMm": 0.1,
  "geometryParity": true,
  "imageParity": true,
  "skinningParity": true,
  "lostImageDimensions": [],
  "addedImageDimensions": [],
  "imported": {
    "objects": 2,
    "excludedImporterHelpers": 0,
    "meshes": 1,
    "vertices": 20474,
    "polygons": 40499,
    "materials": 1,
    "images": 0,
    "imageNames": [],
    "imageDimensions": [],
    "shapeKeys": 0,
    "skinnedVertices": 0,
    "weightedVertices": 0,
    "weightedCoverage": 1.0,
    "armatures": 0,
    "bones": 0,
    "boneNames": [],
    "actions": 0,
    "actionNames": [],
    "geometryMoments": {
      "cornerCount": 121497,
      "cornerSum": [
        0.004377898061648011,
        -3785.582320620219,
        0.0
      ],
      "cornerSumSquares": [
        70.67627720588077,
        138.58229690556013,
        70.67055686576502
      ],
      "surfaceAreaSquareMeters": 0.014474548775680192
    },
    "boundsMeters": {
      "min": [
        -0.04800000041723251,
        -0.04800000414252281,
        -0.047999702394008636
      ],
      "max": [
        0.0479988157749176,
        -5.631962451957406e-09,
        0.047999702394008636
      ]
    }
  },
  "reopened": {
    "objects": 2,
    "excludedImporterHelpers": 0,
    "meshes": 1,
    "vertices": 20474,
    "polygons": 40499,
    "materials": 1,
    "images": 0,
    "imageNames": [],
    "imageDimensions": [],
    "shapeKeys": 0,
    "skinnedVertices": 0,
    "weightedVertices": 0,
    "weightedCoverage": 1.0,
    "armatures": 0,
    "bones": 0,
    "boneNames": [],
    "actions": 0,
    "actionNames": [],
    "geometryMoments": {
      "cornerCount": 121497,
      "cornerSum": [
        0.004377898061648011,
        -3785.582320620219,
        0.0
      ],
      "cornerSumSquares": [
        70.67627720588077,
        138.58229690556013,
        70.67055686576502
      ],
      "surfaceAreaSquareMeters": 0.014474548775680192
    },
    "boundsMeters": {
      "min": [
        -0.04800000041723251,
        -0.04800000414252281,
        -0.047999702394008636
      ],
      "max": [
        0.0479988157749176,
        -5.631962451957406e-09,
        0.047999702394008636
      ]
    }
  }
}
Blender 5.2.1 LTS (hash 9e2066aef7ef built 2026-08-25 01:35:57)

Blender quit
