
> morphloom@0.4.0 build
> tsc -b && vite build

vite v7.3.6 building client environment for production...
transforming...
✓ 168 modules transformed.
rendering chunks...
computing gzip size...
dist/guide.html                                                 0.72 kB │ gzip:   0.39 kB
dist/index.html                                                 0.85 kB │ gzip:   0.42 kB
dist/holdout-review.html                                        0.94 kB │ gzip:   0.54 kB
dist/assets/thermal-dock-v1-pcba-bom-DIHqSXmZ.csv               4.50 kB
dist/assets/thermal-dock-v1-design-calculation-Byw9pPnC.xlsx   13.26 kB
dist/assets/thermal-dock-v1-rev-b-design-notes-BCxXtBvo.html   17.07 kB │ gzip:   8.42 kB
dist/assets/guide-BZNOeU71.css                                 31.31 kB │ gzip:   6.91 kB
dist/assets/main-DkP-4bUW.css                                  32.03 kB │ gzip:   7.01 kB
dist/assets/__vite-browser-external-BIHI7g3E.js                 0.03 kB │ gzip:   0.05 kB
dist/assets/modulepreload-polyfill-B5Qt9EMX.js                  0.71 kB │ gzip:   0.40 kB
dist/assets/holdoutReview-C1oha46p.js                           1.96 kB │ gzip:   1.16 kB
dist/assets/index.modern-B0tU_fVN.js                           70.16 kB │ gzip:  16.31 kB
dist/assets/index.modern-2-cGx0Si.js                           76.25 kB │ gzip:  21.76 kB
dist/assets/guide-CiSWmbqj.js                                 184.02 kB │ gzip:  56.21 kB
dist/assets/react-C54xO61s.js                                 192.48 kB │ gzip:  60.34 kB
dist/assets/module-BhjKzkE4.js                                289.42 kB │ gzip:  92.04 kB
dist/assets/main-BnhIgIzj.js                                  626.81 kB │ gzip: 218.26 kB
dist/assets/three-VShAhdsq.js                                 725.32 kB │ gzip: 191.15 kB
✓ built in 1.43s
