
> morphloom@0.4.0 gltf:validate
> vite-node scripts/validate-glb.ts outputs/surface-cache-20261002/after-filled/fixture.glb

{
  "schema": "morphloom.khronos-gltf-validation/0.1",
  "pass": false,
  "reports": [
    {
      "path": "/Users/danny/Documents/morphloom/outputs/surface-cache-20261002/after-filled/fixture.glb",
      "bytes": 279492,
      "status": "warn",
      "validator": "Khronos glTF Validator",
      "validatorVersion": "2.0.0-dev.3.10",
      "errors": 0,
      "warnings": 1,
      "infos": 0,
      "hints": 0,
      "truncated": false,
      "issueCodes": [
        "MESH_PRIMITIVE_GENERATED_TANGENT_SPACE"
      ],
      "independentRead": {
        "status": "pass",
        "parser": "glTF Transform WebIO",
        "nodes": 2,
        "meshes": 1,
        "materials": 1,
        "skins": 0,
        "animations": 0
      }
    }
  ]
}
