
> morphloom@0.4.0 build
> tsc -b && vite build

vite v7.3.6 building client environment for production...
transforming...
✓ 145 modules transformed.
rendering chunks...
computing gzip size...
dist/index.html                                    0.85 kB │ gzip:   0.42 kB
dist/holdout-review.html                           0.94 kB │ gzip:   0.55 kB
dist/assets/main-DkP-4bUW.css                     32.03 kB │ gzip:   7.01 kB
dist/assets/__vite-browser-external-BIHI7g3E.js    0.03 kB │ gzip:   0.05 kB
dist/assets/modulepreload-polyfill-B5Qt9EMX.js     0.71 kB │ gzip:   0.40 kB
dist/assets/holdoutReview-DyCq5yg8.js              1.96 kB │ gzip:   1.16 kB
dist/assets/index.modern-Cb6xAQij.js              70.16 kB │ gzip:  16.31 kB
dist/assets/index.modern-BiC0pn6N.js              76.25 kB │ gzip:  21.76 kB
dist/assets/react-C54xO61s.js                    192.48 kB │ gzip:  60.34 kB
dist/assets/module-BhjKzkE4.js                   289.42 kB │ gzip:  92.04 kB
dist/assets/main-meZNoO3c.js                     626.81 kB │ gzip: 218.27 kB
dist/assets/three-Bd6_4kKS.js                    724.51 kB │ gzip: 190.89 kB
✓ built in 1.33s
