02:15:26 | INFO: Data are loaded, start creating Blender stuff
02:15:26 | INFO: Blender create Mesh node 0
02:15:26 | INFO: glTF import finished in 0.01s
INFO Draco is available, use library at /Applications/Blender.app/Contents/Resources/5.2/scripts/addons_core/io_scene_gltf2/libbf_intern_draco_bridge.dylib
INFO MeshOptimizer is available, use library at /Applications/Blender.app/Contents/Resources/5.2/scripts/addons_core/io_scene_gltf2/libbf_intern_meshopt_bridge.dylib
02:15:26 | INFO: Starting glTF 2.0 export
02:15:26 | INFO: Extracting primitive: Mesh_0
02:15:26 | INFO: Primitives created: 1
02:15:26 | INFO: Finished glTF 2.0 export in 0.00687098503112793 s

02:15:26 | INFO: Data are loaded, start creating Blender stuff
02:15:26 | INFO: Blender create Mesh node Mesh_0
02:15:26 | INFO: glTF import finished in 0.01s
{
  "schema": "morphloom.blender-roundtrip/0.2",
  "pass": true,
  "exportTangentsRequiredBySource": false,
  "blenderVersion": "5.2.1 LTS",
  "source": "small-checker-depth.grid.glb",
  "sourceBytes": 130752,
  "sourceSha256": "672321c23c52deff81f7bb48f308284089e270f47d3aa5a794cd27ea51335d94",
  "roundTrip": "small-checker-depth.grid.roundtrip.glb",
  "roundTripBytes": 130048,
  "roundTripSha256": "6cc4decfca6f2d435d68019262a729623a410d39a4afd8b914b3a7cade988d1c",
  "boundsErrorMm": 0.0,
  "boundsToleranceMm": 0.1,
  "geometryParity": true,
  "imageParity": true,
  "skinningParity": true,
  "lostImageDimensions": [],
  "addedImageDimensions": [],
  "imported": {
    "objects": 2,
    "excludedImporterHelpers": 0,
    "meshes": 1,
    "vertices": 2959,
    "polygons": 5676,
    "materials": 1,
    "images": 0,
    "imageNames": [],
    "imageDimensions": [],
    "shapeKeys": 0,
    "skinnedVertices": 0,
    "weightedVertices": 0,
    "weightedCoverage": 1.0,
    "armatures": 0,
    "bones": 0,
    "boneNames": [],
    "actions": 0,
    "actionNames": [],
    "geometryMoments": {
      "cornerCount": 17028,
      "cornerSum": [
        0.7921874437015504,
        -563.0601829508669,
        -0.7921874437015504
      ],
      "cornerSumSquares": [
        9.399168117620647,
        20.43418221263206,
        9.399168117620036
      ],
      "surfaceAreaSquareMeters": 0.011626523824687247
    },
    "boundsMeters": {
      "min": [
        -0.04648437350988388,
        -0.047996826469898224,
        -0.04726562649011612
      ],
      "max": [
        0.04726562649011612,
        -0.0004775277047883719,
        0.04648437350988388
      ]
    }
  },
  "reopened": {
    "objects": 2,
    "excludedImporterHelpers": 0,
    "meshes": 1,
    "vertices": 2959,
    "polygons": 5676,
    "materials": 1,
    "images": 0,
    "imageNames": [],
    "imageDimensions": [],
    "shapeKeys": 0,
    "skinnedVertices": 0,
    "weightedVertices": 0,
    "weightedCoverage": 1.0,
    "armatures": 0,
    "bones": 0,
    "boneNames": [],
    "actions": 0,
    "actionNames": [],
    "geometryMoments": {
      "cornerCount": 17028,
      "cornerSum": [
        0.7921874437015504,
        -563.0601829508669,
        -0.7921874437015504
      ],
      "cornerSumSquares": [
        9.399168117620647,
        20.43418221263206,
        9.399168117620036
      ],
      "surfaceAreaSquareMeters": 0.011626523824687247
    },
    "boundsMeters": {
      "min": [
        -0.04648437350988388,
        -0.047996826469898224,
        -0.04726562649011612
      ],
      "max": [
        0.04726562649011612,
        -0.0004775277047883719,
        0.04648437350988388
      ]
    }
  }
}
Blender 5.2.1 LTS (hash 9e2066aef7ef built 2026-08-25 01:35:57)

Blender quit
