03:12:03 | INFO: Data are loaded, start creating Blender stuff
03:12:03 | INFO: Blender create Mesh node 0
03:12:03 | INFO: glTF import finished in 0.05s
/Users/danny/Documents/morphloom/scripts/blender-neutral-render.py:161: DeprecationWarning: 'World.use_nodes' is expected to be removed in Blender 6.0
  world.use_nodes = True
/Users/danny/Documents/morphloom/scripts/blender-neutral-render.py:178: DeprecationWarning: 'Material.use_nodes' is expected to be removed in Blender 6.0
  clay.use_nodes = True
00:00.946  render           | Saved: '/Users/danny/Documents/morphloom/outputs/depth-continuous-20261003/refined/renders/large-checker-depth.continuous-iso-wire.png'
{
  "schema": "morphloom.neutral-glb-render/0.3",
  "protocol": "morphloom-neutral-glb-v2",
  "viewId": "iso",
  "blenderVersion": "5.2.1 LTS",
  "source": "large-checker-depth.continuous.glb",
  "sourceBytes": 1532912,
  "sourceSha256": "e72584fd9487fd3d9ef443c04079296bacc6eea98df9a3ace85d38fd6760d210",
  "render": "large-checker-depth.continuous-iso-wire.png",
  "renderBytes": 512622,
  "renderSha256": "86c8c541e8326613b161681d9bb4ae9452b4cca0d7c6a68a9a93c2fcfc693ce0",
  "meshes": 1,
  "materials": 2,
  "normalization": {
    "method": "fixed-metre-datum",
    "targetExtent": null,
    "sourceBounds": {
      "min": [
        -0.07000000029802322,
        -0.07000000774860382,
        -0.07000000029802322
      ],
      "max": [
        0.07000000029802322,
        -4.231783368169317e-09,
        0.07000000029802322
      ],
      "size": [
        0.14000000059604645,
        0.07000000029802322,
        0.14000000059604645
      ]
    },
    "scale": 10,
    "fixedSpaceSha256": "3ae7a7d21f102bb462af35deb0a5c807fbc9efbbee50c8aeeaa5a6231d4f5368",
    "translationMeters": [
      0,
      0,
      0
    ],
    "normalizedBounds": {
      "min": [
        -0.699999988079071,
        -0.7000000476837158,
        -0.699999988079071
      ],
      "max": [
        0.699999988079071,
        -4.2317832793514754e-08,
        0.699999988079071
      ],
      "size": [
        1.399999976158142,
        0.699999988079071,
        1.399999976158142
      ]
    }
  },
  "camera": {
    "projection": "orthographic",
    "position": [
      2.8,
      -3.4,
      1.8
    ],
    "target": [
      0,
      0,
      0
    ],
    "up": [
      0,
      0,
      1
    ],
    "orthographicHeight": 2.55
  },
  "framing": {
    "alphaBoundsPixels": {
      "min": [
        230,
        230
      ],
      "max": [
        729,
        781
      ]
    },
    "minimumMarginPixels": 230,
    "touchesBorder": false
  },
  "renderSettings": {
    "engine": "BLENDER_EEVEE",
    "width": 1024,
    "height": 1024,
    "transparent": true,
    "viewTransform": "AgX",
    "look": "AgX - Medium High Contrast"
  },
  "studio": {
    "world": {
      "color": [
        0.12,
        0.12,
        0.12,
        1
      ],
      "strength": 0.28
    },
    "lights": [
      {
        "name": "Neutral key",
        "location": [
          -2.5,
          -3.0,
          3.5
        ],
        "energy": 900,
        "size": 4.0
      },
      {
        "name": "Neutral fill",
        "location": [
          3.0,
          -2.0,
          1.2
        ],
        "energy": 500,
        "size": 3.0
      },
      {
        "name": "Neutral rim",
        "location": [
          0.5,
          2.5,
          2.5
        ],
        "energy": 700,
        "size": 2.5
      }
    ]
  },
  "inspectionMode": "wire",
  "actualLights": [
    {
      "name": "Neutral key",
      "position": [
        -2.5,
        -3.0,
        3.5
      ],
      "energy": 900.0,
      "size": 4.0
    },
    {
      "name": "Neutral fill",
      "position": [
        3.0,
        -2.0,
        1.2000000476837158
      ],
      "energy": 500.0,
      "size": 3.0
    },
    {
      "name": "Neutral rim",
      "position": [
        0.5,
        2.5,
        2.5
      ],
      "energy": 700.0,
      "size": 2.5
    }
  ]
}
Blender 5.2.1 LTS (hash 9e2066aef7ef built 2026-08-25 01:35:57)

Blender quit
