03:11:56 | INFO: Data are loaded, start creating Blender stuff
03:11:56 | INFO: Blender create Mesh node 0
03:11:56 | INFO: glTF import finished in 0.04s
/Users/danny/Documents/morphloom/scripts/blender-neutral-render.py:161: DeprecationWarning: 'World.use_nodes' is expected to be removed in Blender 6.0
  world.use_nodes = True
/Users/danny/Documents/morphloom/scripts/blender-neutral-render.py:178: DeprecationWarning: 'Material.use_nodes' is expected to be removed in Blender 6.0
  clay.use_nodes = True
00:03.549  render           | Saved: '/Users/danny/Documents/morphloom/outputs/depth-continuous-20261003/refined/renders/large-checker-depth.grid-front-clay.png'
{
  "schema": "morphloom.neutral-glb-render/0.3",
  "protocol": "morphloom-neutral-glb-v2",
  "viewId": "front",
  "blenderVersion": "5.2.1 LTS",
  "source": "large-checker-depth.grid.glb",
  "sourceBytes": 277188,
  "sourceSha256": "d2eececb5ec9bee012648464dbe48342c9aabadd929e2c4fe0beaa71456f34a0",
  "render": "large-checker-depth.grid-front-clay.png",
  "renderBytes": 394456,
  "renderSha256": "25e55d109d5dc64d4edfd9cc4edb58b657c26c8ef389b64692069b4346a2e65e",
  "meshes": 1,
  "materials": 2,
  "normalization": {
    "method": "fixed-metre-datum",
    "targetExtent": null,
    "sourceBounds": {
      "min": [
        -0.06992187350988388,
        -0.06999782472848892,
        -0.06914062798023224
      ],
      "max": [
        0.06914062798023224,
        -0.001858656876720488,
        0.06992187350988388
      ],
      "size": [
        0.13906249403953552,
        0.06813916563987732,
        0.13906249403953552
      ]
    },
    "scale": 10,
    "fixedSpaceSha256": "3ae7a7d21f102bb462af35deb0a5c807fbc9efbbee50c8aeeaa5a6231d4f5368",
    "translationMeters": [
      0,
      0,
      0
    ],
    "normalizedBounds": {
      "min": [
        -0.69921875,
        -0.699978232383728,
        -0.69140625
      ],
      "max": [
        0.69140625,
        -0.018586568534374237,
        0.69921875
      ],
      "size": [
        1.390625,
        0.6813916563987732,
        1.390625
      ]
    }
  },
  "camera": {
    "projection": "orthographic",
    "position": [
      0,
      -4.0,
      0
    ],
    "target": [
      0,
      0,
      0
    ],
    "up": [
      0,
      0,
      1
    ],
    "orthographicHeight": 2.35
  },
  "framing": {
    "alphaBoundsPixels": {
      "min": [
        206,
        210
      ],
      "max": [
        813,
        817
      ]
    },
    "minimumMarginPixels": 206,
    "touchesBorder": false
  },
  "renderSettings": {
    "engine": "BLENDER_EEVEE",
    "width": 1024,
    "height": 1024,
    "transparent": true,
    "viewTransform": "AgX",
    "look": "AgX - Medium High Contrast"
  },
  "studio": {
    "world": {
      "color": [
        0.12,
        0.12,
        0.12,
        1
      ],
      "strength": 0.28
    },
    "lights": [
      {
        "name": "Neutral key",
        "location": [
          -2.5,
          -3.0,
          3.5
        ],
        "energy": 900,
        "size": 4.0
      },
      {
        "name": "Neutral fill",
        "location": [
          3.0,
          -2.0,
          1.2
        ],
        "energy": 500,
        "size": 3.0
      },
      {
        "name": "Neutral rim",
        "location": [
          0.5,
          2.5,
          2.5
        ],
        "energy": 700,
        "size": 2.5
      }
    ]
  },
  "inspectionMode": "clay",
  "actualLights": [
    {
      "name": "Neutral key",
      "position": [
        -2.5,
        -3.0,
        3.5
      ],
      "energy": 900.0,
      "size": 4.0
    },
    {
      "name": "Neutral fill",
      "position": [
        3.0,
        -2.0,
        1.2000000476837158
      ],
      "energy": 500.0,
      "size": 3.0
    },
    {
      "name": "Neutral rim",
      "position": [
        0.5,
        2.5,
        2.5
      ],
      "energy": 700.0,
      "size": 2.5
    }
  ]
}
Blender 5.2.1 LTS (hash 9e2066aef7ef built 2026-08-25 01:35:57)

Blender quit
